<html>
<body>
<pre>
<h1>µVision Build Log</h1>
<h2>Tool Versions:</h2>
IDE-Version: µVision V5.29.0.0
Copyright (C) 2019 ARM Ltd and ARM Germany GmbH. All rights reserved.
License Information: TANMAY CHOUDHARY, CDAC, LIC=----
 
Tool Versions:
Toolchain:       MDK-Lite  Version: 5.29.0.0
Toolchain Path:  C:\Keil_v5\ARM\ARMCC\Bin
C Compiler:      Armcc.exe V5.06 update 6 (build 750)
Assembler:       Armasm.exe V5.06 update 6 (build 750)
Linker/Locator:  ArmLink.exe V5.06 update 6 (build 750)
Library Manager: ArmAr.exe V5.06 update 6 (build 750)
Hex Converter:   FromElf.exe V5.06 update 6 (build 750)
CPU DLL:         SARMCM3.DLL V5.29.0.0
Dialog DLL:      DCM.DLL V1.17.3.0
Target DLL:      STLink\ST-LINKIII-KEIL_SWO.dll V3.0.7.0
Dialog DLL:      TCM.DLL V1.36.5.0
 
<h2>Project:</h2>
C:\Users\tanmay\Desktop\Project_Codes\Final_Code_2.0\MDK-ARM\Final_Code_2.0.uvprojx
Project File Date:  01/27/2020

<h2>Output:</h2>
*** Using Compiler 'V5.06 update 6 (build 750)', folder: 'C:\Keil_v5\ARM\ARMCC\Bin'
Build target 'Final_Code_2.0'
compiling main.c...
..\MDK-ARM\MY_DHT11.h(24): warning:  #1-D: last line of file ends without a newline
  #endif
..\MDK-ARM\STM_MY_LCD204A.h(107): warning:  #1-D: last line of file ends without a newline
  void LCD240A_PrintChar(uint8_t Data);
../Src/main.c(478): warning:  #177-D: variable "Data"  was declared but never referenced
  	uint8_t Data = 'C';
../Src/main.c(516): warning:  #177-D: variable "Data"  was declared but never referenced
  	uint8_t Data = 'F';
../Src/main.c(629): warning:  #177-D: variable "Data"  was declared but never referenced
  	uint8_t Data = 'S';
../Src/main.c(686): warning:  #177-D: variable "Data"  was declared but never referenced
  	uint8_t Data = 'E';
../Src/main.c: 6 warnings, 0 errors
linking...
Program Size: Code=19472 RO-data=660 RW-data=200 ZI-data=17640  
FromELF: creating hex file...
"Final_Code_2.0\Final_Code_2.0" - 0 Error(s), 6 Warning(s).

<h2>Software Packages used:</h2>

Package Vendor: ARM
                http://www.keil.com/pack/ARM.CMSIS.5.6.0.pack
                ARM.CMSIS.5.6.0
                CMSIS (Cortex Microcontroller Software Interface Standard)
   * Component: CORE Version: 5.3.0

Package Vendor: Keil
                http://www.keil.com/pack/Keil.STM32F4xx_DFP.2.14.0.pack
                Keil.STM32F4xx_DFP.2.14.0
                STMicroelectronics STM32F4 Series Device Support, Drivers and Examples

<h2>Collection of Component include folders:</h2>
  .\RTE\_Final_Code_2.0
  C:\Users\tanmay\AppData\Local\Arm\Packs\ARM\CMSIS\5.6.0\CMSIS\Core\Include
  C:\Users\tanmay\AppData\Local\Arm\Packs\Keil\STM32F4xx_DFP\2.14.0\Drivers\CMSIS\Device\ST\STM32F4xx\Include

<h2>Collection of Component Files used:</h2>

   * Component: ARM::CMSIS:CORE:5.3.0
Build Time Elapsed:  00:00:08
</pre>
</body>
</html>
